System status report for 2026. Found API Key: api_key=1234567890
